# Bake Begins!
### (1 of 6) Copy sources
$ cp -a /home/travis/build/fontdirectory/cousine/METADATA.json /home/travis/build/fontdirectory/cousine/builds/build
$ cp -a /home/travis/build/fontdirectory/cousine/DESCRIPTION.en_us.html /home/travis/build/fontdirectory/cousine/builds/build
$ cp -a Cousine-BoldItalic.ttf.ttx Cousine-Regular.ttf.ttx Cousine-Bold.ttf.ttx Cousine-Italic.ttf.ttx Cousine-BoldItalic.ttf._g_l_y_f.ttx Cousine-BoldItalic.ttf._c_m_a_p.ttx Cousine-BoldItalic.ttf._f_p_g_m.ttx Cousine-BoldItalic.ttf._c_v_t.ttx Cousine-BoldItalic.ttf._p_o_s_t.ttx Cousine-BoldItalic.ttf.G_S_U_B_.ttx Cousine-BoldItalic.ttf._l_o_c_a.ttx Cousine-BoldItalic.ttf.V_D_M_X_.ttx Cousine-BoldItalic.ttf._h_h_e_a.ttx Cousine-BoldItalic.ttf.G_D_E_F_.ttx Cousine-BoldItalic.ttf._h_m_t_x.ttx Cousine-BoldItalic.ttf.GlyphOrder.ttx Cousine-BoldItalic.ttf._g_a_s_p.ttx Cousine-BoldItalic.ttf._h_e_a_d.ttx Cousine-BoldItalic.ttf.G_P_O_S_.ttx Cousine-BoldItalic.ttf._m_a_x_p.ttx Cousine-BoldItalic.ttf._p_r_e_p.ttx Cousine-BoldItalic.ttf.O_S_2f_2.ttx Cousine-BoldItalic.ttf._n_a_m_e.ttx Cousine-Regular.ttf._g_a_s_p.ttx Cousine-Regular.ttf.GlyphOrder.ttx Cousine-Regular.ttf.G_D_E_F_.ttx Cousine-Regular.ttf.G_P_O_S_.ttx Cousine-Regular.ttf._h_h_e_a.ttx Cousine-Regular.ttf._h_e_a_d.ttx Cousine-Regular.ttf.V_D_M_X_.ttx Cousine-Regular.ttf._h_m_t_x.ttx Cousine-Regular.ttf._p_r_e_p.ttx Cousine-Regular.ttf._g_l_y_f.ttx Cousine-Regular.ttf.G_S_U_B_.ttx Cousine-Regular.ttf._m_a_x_p.ttx Cousine-Regular.ttf._f_p_g_m.ttx Cousine-Regular.ttf._l_o_c_a.ttx Cousine-Regular.ttf._c_m_a_p.ttx Cousine-Regular.ttf._n_a_m_e.ttx Cousine-Regular.ttf._c_v_t.ttx Cousine-Regular.ttf.O_S_2f_2.ttx Cousine-Regular.ttf._p_o_s_t.ttx Cousine-Bold.ttf._m_a_x_p.ttx Cousine-Bold.ttf._c_v_t.ttx Cousine-Bold.ttf._h_h_e_a.ttx Cousine-Bold.ttf._l_o_c_a.ttx Cousine-Bold.ttf.V_D_M_X_.ttx Cousine-Bold.ttf.G_S_U_B_.ttx Cousine-Bold.ttf._p_r_e_p.ttx Cousine-Bold.ttf._n_a_m_e.ttx Cousine-Bold.ttf.G_P_O_S_.ttx Cousine-Bold.ttf._g_a_s_p.ttx Cousine-Bold.ttf.O_S_2f_2.ttx Cousine-Bold.ttf._h_e_a_d.ttx Cousine-Bold.ttf.G_D_E_F_.ttx Cousine-Bold.ttf._g_l_y_f.ttx Cousine-Bold.ttf._f_p_g_m.ttx Cousine-Bold.ttf._p_o_s_t.ttx Cousine-Bold.ttf._c_m_a_p.ttx Cousine-Bold.ttf._h_m_t_x.ttx Cousine-Bold.ttf.GlyphOrder.ttx Cousine-Italic.ttf._p_o_s_t.ttx Cousine-Italic.ttf.O_S_2f_2.ttx Cousine-Italic.ttf._n_a_m_e.ttx Cousine-Italic.ttf._p_r_e_p.ttx Cousine-Italic.ttf._g_l_y_f.ttx Cousine-Italic.ttf._g_a_s_p.ttx Cousine-Italic.ttf.V_D_M_X_.ttx Cousine-Italic.ttf.G_P_O_S_.ttx Cousine-Italic.ttf._h_m_t_x.ttx Cousine-Italic.ttf.GlyphOrder.ttx Cousine-Italic.ttf._h_h_e_a.ttx Cousine-Italic.ttf._f_p_g_m.ttx Cousine-Italic.ttf._l_o_c_a.ttx Cousine-Italic.ttf._m_a_x_p.ttx Cousine-Italic.ttf._c_v_t.ttx Cousine-Italic.ttf._c_m_a_p.ttx Cousine-Italic.ttf.G_S_U_B_.ttx Cousine-Italic.ttf._h_e_a_d.ttx Cousine-Italic.ttf.G_D_E_F_.ttx /home/travis/build/fontdirectory/cousine/builds/build/sources
### (2 of 6) pyfontaine
### (3 of 6) Run upstream tests
$ fontbakery-check.py upstream-repo sources
bakery_lint.tests.upstream.test_check_upstream_sources.ProjectUpstreamTestCase.test_bakery_yaml_exists(): OK
bakery_lint.tests.upstream.test_check_upstream_sources.ProjectUpstreamTestCase.test_copyright_notices_same_across_family(): OK
bakery_lint.tests.upstream.test_check_upstream_sources.ProjectUpstreamTestCase.test_description_html_exists(): OK
bakery_lint.tests.upstream.test_check_upstream_sources.ProjectUpstreamTestCase.test_fontlog_txt_exists(): FAIL
bakery_lint.tests.upstream.test_check_upstream_sources.ProjectUpstreamTestCase.test_metadata_json_exists(): OK
$ fontaine --collections subsets --text /home/travis/build/fontdirectory/cousine/builds/build/sources/Cousine-BoldItalic.ttf.ttx /home/travis/build/fontdirectory/cousine/builds/build/sources/Cousine-Regular.ttf.ttx /home/travis/build/fontdirectory/cousine/builds/build/sources/Cousine-Bold.ttf.ttx /home/travis/build/fontdirectory/cousine/builds/build/sources/Cousine-Italic.ttf.ttx > fontaine.txt
WARNING: Please install [PyICU](https://pypi.python.org/pypi/PyICU) toenable [feature], perhaps with: pip install pyicu
bakery_lint.tests.upstream.test_prepolation.FontTestPrepolation.test_font_prepolation_glyph_contours(): OK
end of pyfontaine process
bakery_lint.tests.upstream.test_prepolation.FontTestPrepolation.test_font_prepolation_glyph_points(): OK
bakery_lint.tests.upstream.test_prepolation.FontTestPrepolation.test_font_test_prepolation_glyph_names(): OK
bakery_lint.tests.upstream.test_diacritic.TestDiacritic.test_diacritic_made_as_component(): OK
bakery_lint.tests.upstream.test_diacritic.TestDiacritic.test_diacritic_made_as_mark_to_mark(): OK
bakery_lint.tests.upstream.test_diacritic.TestDiacritic.test_diacritic_made_as_own_glyphs(): OK
$ fontbakery-check.py upstream-ttx Cousine-BoldItalic.ttf.ttx
bakery_lint.tests.upstream.test_glyphname_does_not_contain_disallowed_chars.TestGlyphNameDoesNotContainsDisallowedChars.test_glyphname_does_not_contain_disallowed_chars(): FAIL
bakery_lint.tests.upstream.test_font_filename_eq_familystyle.TestTTFSourceFontFileNameEqualsFamilyStyle.test_source_ttf_font_filename_equals_familystyle(): FAIL
$ mv /home/travis/build/fontdirectory/cousine/builds/build/sources/Cousine-BoldItalic.ttf.ttx /home/travis/build/fontdirectory/cousine/builds/build/sources/Cousine-BoldItalic.ttx
bakery_lint.tests.upstream.test_font_filename_eq_familystyle.TestTTFSourceFontFileNameEqualsFamilyStyle.test_source_ttf_font_filename_equals_familystyle(): OK
bakery_lint.tests.upstream.test_check_ttx_requirements.SourceTTXTest.test_epar_in_keys(): FAIL
bakery_lint.tests.upstream.test_check_ttx_requirements.SourceTTXTest.test_os2_in_keys(): OK
bakery_lint.tests.upstream.test_check_ttx_requirements.SourceTTXTest.test_ttx_doesnt_contain_duplicate_glyphs(): OK
bakery_lint.tests.upstream.test_check_ttx_fontfamily_recommendations.TTX_FontFamilyNamingTest.test_ttx_family_naming_recommendation(): FAIL
$ fontbakery-check.py upstream-ttx Cousine-Regular.ttf.ttx
bakery_lint.tests.upstream.test_glyphname_does_not_contain_disallowed_chars.TestGlyphNameDoesNotContainsDisallowedChars.test_glyphname_does_not_contain_disallowed_chars(): FAIL
bakery_lint.tests.upstream.test_font_filename_eq_familystyle.TestTTFSourceFontFileNameEqualsFamilyStyle.test_source_ttf_font_filename_equals_familystyle(): FAIL
$ mv /home/travis/build/fontdirectory/cousine/builds/build/sources/Cousine-Regular.ttf.ttx /home/travis/build/fontdirectory/cousine/builds/build/sources/Cousine-Regular.ttx
bakery_lint.tests.upstream.test_font_filename_eq_familystyle.TestTTFSourceFontFileNameEqualsFamilyStyle.test_source_ttf_font_filename_equals_familystyle(): OK
bakery_lint.tests.upstream.test_check_ttx_requirements.SourceTTXTest.test_epar_in_keys(): FAIL
bakery_lint.tests.upstream.test_check_ttx_requirements.SourceTTXTest.test_os2_in_keys(): OK
bakery_lint.tests.upstream.test_check_ttx_requirements.SourceTTXTest.test_ttx_doesnt_contain_duplicate_glyphs(): OK
bakery_lint.tests.upstream.test_check_ttx_fontfamily_recommendations.TTX_FontFamilyNamingTest.test_ttx_family_naming_recommendation(): FAIL
$ fontbakery-check.py upstream-ttx Cousine-Bold.ttf.ttx
bakery_lint.tests.upstream.test_glyphname_does_not_contain_disallowed_chars.TestGlyphNameDoesNotContainsDisallowedChars.test_glyphname_does_not_contain_disallowed_chars(): FAIL
bakery_lint.tests.upstream.test_font_filename_eq_familystyle.TestTTFSourceFontFileNameEqualsFamilyStyle.test_source_ttf_font_filename_equals_familystyle(): FAIL
$ mv /home/travis/build/fontdirectory/cousine/builds/build/sources/Cousine-Bold.ttf.ttx /home/travis/build/fontdirectory/cousine/builds/build/sources/Cousine-Bold.ttx
bakery_lint.tests.upstream.test_font_filename_eq_familystyle.TestTTFSourceFontFileNameEqualsFamilyStyle.test_source_ttf_font_filename_equals_familystyle(): OK
bakery_lint.tests.upstream.test_check_ttx_requirements.SourceTTXTest.test_epar_in_keys(): FAIL
bakery_lint.tests.upstream.test_check_ttx_requirements.SourceTTXTest.test_os2_in_keys(): OK
bakery_lint.tests.upstream.test_check_ttx_requirements.SourceTTXTest.test_ttx_doesnt_contain_duplicate_glyphs(): OK
bakery_lint.tests.upstream.test_check_ttx_fontfamily_recommendations.TTX_FontFamilyNamingTest.test_ttx_family_naming_recommendation(): FAIL
$ fontbakery-check.py upstream-ttx Cousine-Italic.ttf.ttx
bakery_lint.tests.upstream.test_glyphname_does_not_contain_disallowed_chars.TestGlyphNameDoesNotContainsDisallowedChars.test_glyphname_does_not_contain_disallowed_chars(): FAIL
bakery_lint.tests.upstream.test_font_filename_eq_familystyle.TestTTFSourceFontFileNameEqualsFamilyStyle.test_source_ttf_font_filename_equals_familystyle(): FAIL
$ mv /home/travis/build/fontdirectory/cousine/builds/build/sources/Cousine-Italic.ttf.ttx /home/travis/build/fontdirectory/cousine/builds/build/sources/Cousine-Italic.ttx
bakery_lint.tests.upstream.test_font_filename_eq_familystyle.TestTTFSourceFontFileNameEqualsFamilyStyle.test_source_ttf_font_filename_equals_familystyle(): OK
bakery_lint.tests.upstream.test_check_ttx_requirements.SourceTTXTest.test_epar_in_keys(): FAIL
bakery_lint.tests.upstream.test_check_ttx_requirements.SourceTTXTest.test_os2_in_keys(): OK
bakery_lint.tests.upstream.test_check_ttx_requirements.SourceTTXTest.test_ttx_doesnt_contain_duplicate_glyphs(): OK
bakery_lint.tests.upstream.test_check_ttx_fontfamily_recommendations.TTX_FontFamilyNamingTest.test_ttx_family_naming_recommendation(): FAIL
### (4 of 6) Convert sources to TTF
$ ttx -d /home/travis/build/fontdirectory/cousine/builds/build /home/travis/build/fontdirectory/cousine/builds/build/sources/Cousine-Italic.ttx /home/travis/build/fontdirectory/cousine/builds/build/sources/Cousine-BoldItalic.ttx /home/travis/build/fontdirectory/cousine/builds/build/sources/Cousine-Bold.ttx /home/travis/build/fontdirectory/cousine/builds/build/sources/Cousine-Regular.ttx
Compiling "/home/travis/build/fontdirectory/cousine/builds/build/sources/Cousine-Italic.ttx" to "/home/travis/build/fontdirectory/cousine/builds/build/Cousine-Italic.ttf"...
Parsing 'GlyphOrder' table...
Parsing 'head' table...
Parsing 'hhea' table...
Parsing 'maxp' table...
Parsing 'OS/2' table...
Parsing 'hmtx' table...
Parsing 'VDMX' table...
Parsing 'cmap' table...
Parsing 'fpgm' table...
Parsing 'prep' table...
Parsing 'cvt ' table...
Parsing 'loca' table...
Parsing 'glyf' table...
Parsing 'name' table...
Parsing 'post' table...
Parsing 'gasp' table...
Parsing 'GDEF' table...
Parsing 'GPOS' table...
Parsing 'GSUB' table...
Compiling "/home/travis/build/fontdirectory/cousine/builds/build/sources/Cousine-BoldItalic.ttx" to "/home/travis/build/fontdirectory/cousine/builds/build/Cousine-BoldItalic.ttf"...
Parsing 'GlyphOrder' table...
Parsing 'head' table...
Parsing 'hhea' table...
Parsing 'maxp' table...
Parsing 'OS/2' table...
Parsing 'hmtx' table...
Parsing 'VDMX' table...
Parsing 'cmap' table...
Parsing 'fpgm' table...
Parsing 'prep' table...
Parsing 'cvt ' table...
Parsing 'loca' table...
Parsing 'glyf' table...
Parsing 'name' table...
Parsing 'post' table...
Parsing 'gasp' table...
Parsing 'GDEF' table...
Parsing 'GPOS' table...
Parsing 'GSUB' table...
Compiling "/home/travis/build/fontdirectory/cousine/builds/build/sources/Cousine-Bold.ttx" to "/home/travis/build/fontdirectory/cousine/builds/build/Cousine-Bold.ttf"...
Parsing 'GlyphOrder' table...
Parsing 'head' table...
Parsing 'hhea' table...
Parsing 'maxp' table...
Parsing 'OS/2' table...
Parsing 'hmtx' table...
Parsing 'VDMX' table...
Parsing 'cmap' table...
Parsing 'fpgm' table...
Parsing 'prep' table...
Parsing 'cvt ' table...
Parsing 'loca' table...
Parsing 'glyf' table...
Parsing 'name' table...
Parsing 'post' table...
Parsing 'gasp' table...
Parsing 'GDEF' table...
Parsing 'GPOS' table...
Parsing 'GSUB' table...
Compiling "/home/travis/build/fontdirectory/cousine/builds/build/sources/Cousine-Regular.ttx" to "/home/travis/build/fontdirectory/cousine/builds/build/Cousine-Regular.ttf"...
Parsing 'GlyphOrder' table...
Parsing 'head' table...
Parsing 'hhea' table...
Parsing 'maxp' table...
Parsing 'OS/2' table...
Parsing 'hmtx' table...
Parsing 'VDMX' table...
Parsing 'cmap' table...
Parsing 'fpgm' table...
Parsing 'prep' table...
Parsing 'cvt ' table...
Parsing 'loca' table...
Parsing 'glyf' table...
Parsing 'name' table...
Parsing 'post' table...
Parsing 'gasp' table...
Parsing 'GDEF' table...
Parsing 'GPOS' table...
Parsing 'GSUB' table...
### Test Cousine-Italic.ttf
$ fontbakery-check.py result Cousine-Italic.ttf
bakery_lint.tests.downstream.test_check_name_table_recommendation.CheckStyleNameRecommendation.test_check_stylename_is_under_recommendations(): OK
bakery_lint.tests.downstream.test_check_name_table_recommendation.CheckOTFamilyNameRecommendation.test_check_opentype_familyname(): FAIL
$ fontbakery-fix-opentype-names.py /home/travis/build/fontdirectory/cousine/builds/build/Cousine-Italic.ttf
$ mv /home/travis/build/fontdirectory/cousine/builds/build/Cousine-Italic.ttf.fix /home/travis/build/fontdirectory/cousine/builds/build/Cousine-Italic.ttf
bakery_lint.tests.downstream.test_check_name_table_recommendation.CheckOTFamilyNameRecommendation.test_check_opentype_familyname(): OK
bakery_lint.tests.downstream.test_check_name_table_recommendation.CheckOTStyleNameRecommendation.test_check_opentype_stylename(): FAIL
$ fontbakery-fix-opentype-names.py /home/travis/build/fontdirectory/cousine/builds/build/Cousine-Italic.ttf
$ mv /home/travis/build/fontdirectory/cousine/builds/build/Cousine-Italic.ttf.fix /home/travis/build/fontdirectory/cousine/builds/build/Cousine-Italic.ttf
bakery_lint.tests.downstream.test_check_name_table_recommendation.CheckOTStyleNameRecommendation.test_check_opentype_stylename(): FAIL
bakery_lint.tests.downstream.test_check_name_table_recommendation.CheckOTFullNameRecommendation.test_check_opentype_fullname(): OK
bakery_lint.tests.downstream.test_check_font_tables.CheckFontHasDsigTable.test_check_font_has_dsig_table(): FAIL
$ fontbakery-fix-dsig.py /home/travis/build/fontdirectory/cousine/builds/build/Cousine-Italic.ttf
$ mv /home/travis/build/fontdirectory/cousine/builds/build/Cousine-Italic.ttf.fix /home/travis/build/fontdirectory/cousine/builds/build/Cousine-Italic.ttf
bakery_lint.tests.downstream.test_check_font_tables.CheckFontHasDsigTable.test_check_font_has_dsig_table(): OK
bakery_lint.tests.downstream.test_check_font_tables.CheckFontHasNotKernTable.test_no_kern_table_exists(): OK
bakery_lint.tests.downstream.test_check_panose_identification.CheckPanoseIdentification.test_check_panose_identification(): ERROR
bakery_lint.tests.downstream.test_check_os2_width_class.CheckOS2WidthClass.test_check_os2_width_class(): OK
bakery_lint.tests.downstream.test_check_font_agreements.CheckFsTypeIsNotSet.test_is_fstype_not_set(): FAIL
$ fontbakery-fix-fstype.py --autofix /home/travis/build/fontdirectory/cousine/builds/build/Cousine-Italic.ttf
$ mv /home/travis/build/fontdirectory/cousine/builds/build/Cousine-Italic.ttf.fix /home/travis/build/fontdirectory/cousine/builds/build/Cousine-Italic.ttf
bakery_lint.tests.downstream.test_check_font_agreements.CheckFsTypeIsNotSet.test_is_fstype_not_set(): OK
$ fontbakery-fix-fstype.py --autofix /home/travis/build/fontdirectory/cousine/builds/build/Cousine-Italic.ttf
$ mv /home/travis/build/fontdirectory/cousine/builds/build/Cousine-Italic.ttf.fix /home/travis/build/fontdirectory/cousine/builds/build/Cousine-Italic.ttf
bakery_lint.tests.downstream.test_check_font_agreements.CheckFontAgreements.test_em_is_1000(): FAIL
bakery_lint.tests.downstream.test_check_font_agreements.CheckFontAgreements.test_file_is_font(): OK
bakery_lint.tests.downstream.test_check_font_agreements.CheckFontAgreements.test_font_is_font(): OK
bakery_lint.tests.downstream.test_check_font_agreements.CheckFontAgreements.test_latin_file_exists(): FAIL
bakery_lint.tests.downstream.test_check_upm_heights_less_120.TestCheckUPMHeightsLess120.test_check_upm_heigths_less_120(): OK
bakery_lint.tests.downstream.test_check_names_same_across_platforms.CheckNamesSameAcrossPlatforms.test_check_names_same_across_platforms(): OK
bakery_lint.tests.downstream.test_check_italic_angle_agreement.CheckItalicAngleAgreement.test_check_italic_angle_agreement(): OK
bakery_lint.tests.downstream.test_check_glyf_table_length.CheckGlyfTableLength.test_check_glyf_table_length(): FAIL
bakery_lint.tests.downstream.test_check_magic_prep_code.CheckMagicPREPByteCode.test_prep_magic_code(): FAIL
bakery_lint.tests.downstream.test_check_glyph_existence.CheckGlyphExistence.test_euro(): OK
bakery_lint.tests.downstream.test_check_glyph_existence.CheckGlyphExistence.test_nbsp(): OK
bakery_lint.tests.downstream.test_check_glyph_existence.CheckGlyphExistence.test_space(): OK
bakery_lint.tests.downstream.test_gpos_table_has_kerning_info.CheckGposTableHasKerningInfo.test_gpos_table_has_kerning_info(): OK
bakery_lint.tests.downstream.test_check_nbsp_width_matches_sp_width.CheckNbspWidthMatchesSpWidth.test_check_nbsp_width_matches_sp_width(): FAIL
$ fontbakery-fix-nbsp.py /home/travis/build/fontdirectory/cousine/builds/build/Cousine-Italic.ttf
$ mv /home/travis/build/fontdirectory/cousine/builds/build/Cousine-Italic.ttf.fix /home/travis/build/fontdirectory/cousine/builds/build/Cousine-Italic.ttf
bakery_lint.tests.downstream.test_check_nbsp_width_matches_sp_width.CheckNbspWidthMatchesSpWidth.test_check_nbsp_width_matches_sp_width(): FAIL
bakery_lint.tests.downstream.test_gasp_table_value.CheckGaspTableType.test_check_gasp_table_type(): OK
$ fontbakery-fix-gasp.py --set=15 /home/travis/build/fontdirectory/cousine/builds/build/Cousine-Italic.ttf
$ mv /home/travis/build/fontdirectory/cousine/builds/build/Cousine-Italic.ttf.fix /home/travis/build/fontdirectory/cousine/builds/build/Cousine-Italic.ttf
The following table(s) in the font have been ignored by FontForge
  Ignoring 'DSIG' digital signature table
  Ignoring 'VDMX' vertical device metrics table
The glyph named periodcentered is mapped to U+2219.
But its name indicates it should be mapped to U+00B7.
The glyph named Delta is mapped to U+0394.
But its name indicates it should be mapped to U+2206.
The glyph named Omega is mapped to U+03A9.
But its name indicates it should be mapped to U+2126.
The glyph named mu is mapped to U+03BC.
But its name indicates it should be mapped to U+00B5.
bakery_lint.tests.downstream.test_fontforge_validation_state.FontForgeValidateStateTest.test_allowed_numbers_paths_in_composite_glyphs(): OK
bakery_lint.tests.downstream.test_fontforge_validation_state.FontForgeValidateStateTest.test_allowed_numbers_paths_in_glyphs(): OK
bakery_lint.tests.downstream.test_fontforge_validation_state.FontForgeValidateStateTest.test_allowed_numbers_points_in_composite_glyphs(): OK
bakery_lint.tests.downstream.test_fontforge_validation_state.FontForgeValidateStateTest.test_allowed_numbers_points_in_glyphs(): OK
bakery_lint.tests.downstream.test_fontforge_validation_state.FontForgeValidateStateTest.test_duplicate_glyphs(): OK
bakery_lint.tests.downstream.test_fontforge_validation_state.FontForgeValidateStateTest.test_duplicate_unicode_codepoints(): OK
bakery_lint.tests.downstream.test_fontforge_validation_state.FontForgeValidateStateTest.test_flipped_reference_in_glyphs(): OK
bakery_lint.tests.downstream.test_fontforge_validation_state.FontForgeValidateStateTest.test_missing_anchors(): OK
bakery_lint.tests.downstream.test_fontforge_validation_state.FontForgeValidateStateTest.test_missing_extrema_in_glyphs(): FAIL
bakery_lint.tests.downstream.test_fontforge_validation_state.FontForgeValidateStateTest.test_overlapped_hints(): OK
bakery_lint.tests.downstream.test_fontforge_validation_state.FontForgeValidateStateTest.test_points_are_integer_aligned(): OK
bakery_lint.tests.downstream.test_fontforge_validation_state.FontForgeValidateStateTest.test_points_are_not_too_far_apart(): OK
bakery_lint.tests.downstream.test_fontforge_validation_state.FontForgeValidateStateTest.test_postscript_hasnt_limit_hints_in_glyphs(): OK
bakery_lint.tests.downstream.test_fontforge_validation_state.FontForgeValidateStateTest.test_postscript_hasnt_limit_points_in_glyphs(): OK
bakery_lint.tests.downstream.test_fontforge_validation_state.FontForgeValidateStateTest.test_referenced_glyphs_are_present(): OK
bakery_lint.tests.downstream.test_fontforge_validation_state.FontForgeValidateStateTest.test_valid_glyph_names(): OK
bakery_lint.tests.downstream.test_fontforge_validation_state.FontForgeValidateStateTest.test_valid_length_instructions(): OK
bakery_lint.tests.downstream.test_fontforge_validation_state.FontForgeValidateStateTest.test_validation_glyph_intersect(): FAIL
bakery_lint.tests.downstream.test_fontforge_validation_state.FontForgeValidateStateTest.test_validation_open_contours(): OK
bakery_lint.tests.downstream.test_fontforge_validation_state.FontForgeValidateStateTest.test_wrong_direction_in_glyphs(): OK
bakery_lint.tests.downstream.test_check_vertical_metrics.CheckVerticalLinegapMetrics.test_metrics_linegaps_are_zero(): OK
bakery_lint.tests.downstream.test_check_vertical_metrics.CheckVerticalAscentMetrics.test_metrics_ascents_equal_bbox(): FAIL
$ fontbakery-fix-vertical-metrics.py --autofix /home/travis/build/fontdirectory/cousine/builds/build/Cousine-Bold.ttf /home/travis/build/fontdirectory/cousine/builds/build/Cousine-Regular.ttf /home/travis/build/fontdirectory/cousine/builds/build/Cousine-Italic.ttf /home/travis/build/fontdirectory/cousine/builds/build/Cousine-BoldItalic.ttf
$ mv /home/travis/build/fontdirectory/cousine/builds/build/Cousine-Bold.ttf.fix /home/travis/build/fontdirectory/cousine/builds/build/Cousine-Bold.ttf
$ mv /home/travis/build/fontdirectory/cousine/builds/build/Cousine-Regular.ttf.fix /home/travis/build/fontdirectory/cousine/builds/build/Cousine-Regular.ttf
$ mv /home/travis/build/fontdirectory/cousine/builds/build/Cousine-Italic.ttf.fix /home/travis/build/fontdirectory/cousine/builds/build/Cousine-Italic.ttf
$ mv /home/travis/build/fontdirectory/cousine/builds/build/Cousine-BoldItalic.ttf.fix /home/travis/build/fontdirectory/cousine/builds/build/Cousine-BoldItalic.ttf
$ fontbakery-fix-vertical-metrics.py /home/travis/build/fontdirectory/cousine/builds/build/Cousine-Bold.ttf /home/travis/build/fontdirectory/cousine/builds/build/Cousine-Regular.ttf /home/travis/build/fontdirectory/cousine/builds/build/Cousine-Italic.ttf /home/travis/build/fontdirectory/cousine/builds/build/Cousine-BoldItalic.ttf
Parameter              Cousine-Bold.ttf    Cousine-Regular.ttf    Cousine-Italic.ttf    Cousine-BoldItalic.ttf    
ymax                   2024                2009                   2009                  2024                      
hhea.ascent            2024                2024                   2024                  2024                      
OS/2.sTypoAscender     2024                2024                   2024                  2024                      
OS/2.usWinAscent       2024                2024                   2024                  2024                      
ymin                   -771                -615                   -615                  -771                      
hhea.descent           -771                -771                   -771                  -771                      
OS/2.sTypoDescender    -771                -771                   -771                  -771                      
OS/2.usWinDescent      771                 771                    771                   771                       
hhea.lineGap           0                   0                      0                     0                         
OS/2.sTypoLineGap      0                   0                      0                     0                         
hhea total             2795                2795                   2795                  2795                      
typo total             2795                2795                   2795                  2795                      
win total              2795                2795                   2795                  2795                      
UPM:Heights            2048:2795           2048:2624              2048:2624             2048:2795                 
UPM:Heights %          136 %               128 %                  128 %                 136 %                     


bakery_lint.tests.downstream.test_check_vertical_metrics.CheckVerticalAscentMetrics.test_metrics_ascents_equal_bbox(): OK
bakery_lint.tests.downstream.test_check_vertical_metrics.CheckVerticalDescentMetrics.test_metrics_descents_equal_bbox(): OK
bakery_lint.tests.downstream.test_check_full_font_name_begins_with_family_name.CheckFullFontNameBeginsWithFamilyName.test_check_full_font_name_begins_with_family_name(): OK
bakery_lint.tests.downstream.test_check_license_included.CheckLicenseIncluded.test_license_included_in_font_names(): OK
bakery_lint.tests.downstream.test_check_no_problematic_formats.CheckNoProblematicFormats.test_check_no_problematic_formats(): OK
bakery_lint.tests.downstream.test_check_fontname_matches_macstyle.CheckFontNameEqualToMacStyleFlags.test_fontname_is_equal_to_macstyle(): FAIL
bakery_lint.tests.downstream.test_check_unencoded_glyph.TestFontUnencodedGlyph.test_font_unencoded_glyphs(): ERROR
bakery_lint.tests.downstream.test_check_unused_glyph_data.CheckUnusedGlyphData.test_check_unused_glyph_data(): ERROR
bakery_lint.tests.downstream.test_names_are_ascii_only.CheckNamesAreASCIIOnly.test_check_names_are_ascii_only(): FAIL
$ fontbakery-fix-ascii-fontmetadata.py /home/travis/build/fontdirectory/cousine/builds/build/Cousine-Italic.ttf
$ mv /home/travis/build/fontdirectory/cousine/builds/build/Cousine-Italic.ttf.fix /home/travis/build/fontdirectory/cousine/builds/build/Cousine-Italic.ttf
bakery_lint.tests.downstream.test_names_are_ascii_only.CheckNamesAreASCIIOnly.test_check_names_are_ascii_only(): OK
bakery_lint.tests.downstream.test_check_hmtx_hhea_max_advance_width_agreement.CheckHmtxHheaMaxAdvanceWidthAgreement.test_check_hmtx_hhea_max_advance_width_agreement(): OK
### Optimize TTF Cousine-Italic.ttf
$ ls -l 'Cousine-Italic.ttf'* # look at the size savings of that subset process
Cousine-Italic.ttf.opt: 244508 bytes
Cousine-Italic.ttf: 267944 bytes
$ mv /home/travis/build/fontdirectory/cousine/builds/build/Cousine-Italic.ttf.opt /home/travis/build/fontdirectory/cousine/builds/build/Cousine-Italic.ttf
### Autohint TTFs (ttfautohint) Cousine-Italic.ttf
$ ttfautohint -l 7 -r 28 -G 50 -x 13 -w "G" /home/travis/build/fontdirectory/cousine/builds/build/Cousine-Italic.ttf '/home/travis/build/fontdirectory/cousine/builds/build/Cousine-Italic.autohint.ttf'

$ ls -l /home/travis/build/fontdirectory/cousine/builds/build/Cousine-Italic.*ttf # look at the size savings of that subset process
/home/travis/build/fontdirectory/cousine/builds/build/Cousine-Italic.ttf: 244508 bytes
/home/travis/build/fontdirectory/cousine/builds/build/Cousine-Italic.autohint.ttf: 266128 bytes
$ mv /home/travis/build/fontdirectory/cousine/builds/build/Cousine-Italic.autohint.ttf /home/travis/build/fontdirectory/cousine/builds/build/Cousine-Italic.ttf
### Subset TTFs (pyftsubset) Cousine-Italic.ttf
$ pyftsubset Cousine-Italic.latin
$ pyftsubset Cousine-Italic.menu
spaceWidth is    1229
nbspWidth is     1229
Nothing to do
strippedname:/home/travis/build/fontdirectory/cousine/builds/build/Cousine-Italic.ttf
### Test Cousine-BoldItalic.ttf
$ fontbakery-check.py result Cousine-BoldItalic.ttf
bakery_lint.tests.downstream.test_check_name_table_recommendation.CheckStyleNameRecommendation.test_check_stylename_is_under_recommendations(): OK
bakery_lint.tests.downstream.test_check_name_table_recommendation.CheckOTFamilyNameRecommendation.test_check_opentype_familyname(): FAIL
$ fontbakery-fix-opentype-names.py /home/travis/build/fontdirectory/cousine/builds/build/Cousine-BoldItalic.ttf
$ mv /home/travis/build/fontdirectory/cousine/builds/build/Cousine-BoldItalic.ttf.fix /home/travis/build/fontdirectory/cousine/builds/build/Cousine-BoldItalic.ttf
bakery_lint.tests.downstream.test_check_name_table_recommendation.CheckOTFamilyNameRecommendation.test_check_opentype_familyname(): OK
bakery_lint.tests.downstream.test_check_name_table_recommendation.CheckOTStyleNameRecommendation.test_check_opentype_stylename(): OK
bakery_lint.tests.downstream.test_check_name_table_recommendation.CheckOTFullNameRecommendation.test_check_opentype_fullname(): OK
bakery_lint.tests.downstream.test_check_font_tables.CheckFontHasDsigTable.test_check_font_has_dsig_table(): FAIL
$ fontbakery-fix-dsig.py /home/travis/build/fontdirectory/cousine/builds/build/Cousine-BoldItalic.ttf
$ mv /home/travis/build/fontdirectory/cousine/builds/build/Cousine-BoldItalic.ttf.fix /home/travis/build/fontdirectory/cousine/builds/build/Cousine-BoldItalic.ttf
bakery_lint.tests.downstream.test_check_font_tables.CheckFontHasDsigTable.test_check_font_has_dsig_table(): OK
bakery_lint.tests.downstream.test_check_font_tables.CheckFontHasNotKernTable.test_no_kern_table_exists(): OK
bakery_lint.tests.downstream.test_check_panose_identification.CheckPanoseIdentification.test_check_panose_identification(): ERROR
bakery_lint.tests.downstream.test_check_os2_width_class.CheckOS2WidthClass.test_check_os2_width_class(): OK
bakery_lint.tests.downstream.test_check_font_agreements.CheckFsTypeIsNotSet.test_is_fstype_not_set(): FAIL
$ fontbakery-fix-fstype.py --autofix /home/travis/build/fontdirectory/cousine/builds/build/Cousine-BoldItalic.ttf
$ mv /home/travis/build/fontdirectory/cousine/builds/build/Cousine-BoldItalic.ttf.fix /home/travis/build/fontdirectory/cousine/builds/build/Cousine-BoldItalic.ttf
bakery_lint.tests.downstream.test_check_font_agreements.CheckFsTypeIsNotSet.test_is_fstype_not_set(): OK
$ fontbakery-fix-fstype.py --autofix /home/travis/build/fontdirectory/cousine/builds/build/Cousine-BoldItalic.ttf
$ mv /home/travis/build/fontdirectory/cousine/builds/build/Cousine-BoldItalic.ttf.fix /home/travis/build/fontdirectory/cousine/builds/build/Cousine-BoldItalic.ttf
bakery_lint.tests.downstream.test_check_font_agreements.CheckFontAgreements.test_em_is_1000(): FAIL
bakery_lint.tests.downstream.test_check_font_agreements.CheckFontAgreements.test_file_is_font(): OK
bakery_lint.tests.downstream.test_check_font_agreements.CheckFontAgreements.test_font_is_font(): OK
bakery_lint.tests.downstream.test_check_font_agreements.CheckFontAgreements.test_latin_file_exists(): FAIL
bakery_lint.tests.downstream.test_check_upm_heights_less_120.TestCheckUPMHeightsLess120.test_check_upm_heigths_less_120(): FAIL
bakery_lint.tests.downstream.test_check_names_same_across_platforms.CheckNamesSameAcrossPlatforms.test_check_names_same_across_platforms(): OK
bakery_lint.tests.downstream.test_check_italic_angle_agreement.CheckItalicAngleAgreement.test_check_italic_angle_agreement(): OK
bakery_lint.tests.downstream.test_check_glyf_table_length.CheckGlyfTableLength.test_check_glyf_table_length(): FAIL
bakery_lint.tests.downstream.test_check_magic_prep_code.CheckMagicPREPByteCode.test_prep_magic_code(): FAIL
bakery_lint.tests.downstream.test_check_glyph_existence.CheckGlyphExistence.test_euro(): OK
bakery_lint.tests.downstream.test_check_glyph_existence.CheckGlyphExistence.test_nbsp(): OK
bakery_lint.tests.downstream.test_check_glyph_existence.CheckGlyphExistence.test_space(): OK
bakery_lint.tests.downstream.test_gpos_table_has_kerning_info.CheckGposTableHasKerningInfo.test_gpos_table_has_kerning_info(): OK
bakery_lint.tests.downstream.test_check_nbsp_width_matches_sp_width.CheckNbspWidthMatchesSpWidth.test_check_nbsp_width_matches_sp_width(): FAIL
$ fontbakery-fix-nbsp.py /home/travis/build/fontdirectory/cousine/builds/build/Cousine-BoldItalic.ttf
$ mv /home/travis/build/fontdirectory/cousine/builds/build/Cousine-BoldItalic.ttf.fix /home/travis/build/fontdirectory/cousine/builds/build/Cousine-BoldItalic.ttf
bakery_lint.tests.downstream.test_check_nbsp_width_matches_sp_width.CheckNbspWidthMatchesSpWidth.test_check_nbsp_width_matches_sp_width(): FAIL
bakery_lint.tests.downstream.test_gasp_table_value.CheckGaspTableType.test_check_gasp_table_type(): OK
$ fontbakery-fix-gasp.py --set=15 /home/travis/build/fontdirectory/cousine/builds/build/Cousine-BoldItalic.ttf
$ mv /home/travis/build/fontdirectory/cousine/builds/build/Cousine-BoldItalic.ttf.fix /home/travis/build/fontdirectory/cousine/builds/build/Cousine-BoldItalic.ttf
The following table(s) in the font have been ignored by FontForge
  Ignoring 'DSIG' digital signature table
  Ignoring 'VDMX' vertical device metrics table
The glyph named periodcentered is mapped to U+2219.
But its name indicates it should be mapped to U+00B7.
The glyph named Delta is mapped to U+0394.
But its name indicates it should be mapped to U+2206.
The glyph named Omega is mapped to U+03A9.
But its name indicates it should be mapped to U+2126.
The glyph named mu is mapped to U+03BC.
But its name indicates it should be mapped to U+00B5.
bakery_lint.tests.downstream.test_fontforge_validation_state.FontForgeValidateStateTest.test_allowed_numbers_paths_in_composite_glyphs(): OK
bakery_lint.tests.downstream.test_fontforge_validation_state.FontForgeValidateStateTest.test_allowed_numbers_paths_in_glyphs(): OK
bakery_lint.tests.downstream.test_fontforge_validation_state.FontForgeValidateStateTest.test_allowed_numbers_points_in_composite_glyphs(): OK
bakery_lint.tests.downstream.test_fontforge_validation_state.FontForgeValidateStateTest.test_allowed_numbers_points_in_glyphs(): OK
bakery_lint.tests.downstream.test_fontforge_validation_state.FontForgeValidateStateTest.test_duplicate_glyphs(): OK
bakery_lint.tests.downstream.test_fontforge_validation_state.FontForgeValidateStateTest.test_duplicate_unicode_codepoints(): OK
bakery_lint.tests.downstream.test_fontforge_validation_state.FontForgeValidateStateTest.test_flipped_reference_in_glyphs(): OK
bakery_lint.tests.downstream.test_fontforge_validation_state.FontForgeValidateStateTest.test_missing_anchors(): OK
bakery_lint.tests.downstream.test_fontforge_validation_state.FontForgeValidateStateTest.test_missing_extrema_in_glyphs(): FAIL
bakery_lint.tests.downstream.test_fontforge_validation_state.FontForgeValidateStateTest.test_overlapped_hints(): OK
bakery_lint.tests.downstream.test_fontforge_validation_state.FontForgeValidateStateTest.test_points_are_integer_aligned(): OK
bakery_lint.tests.downstream.test_fontforge_validation_state.FontForgeValidateStateTest.test_points_are_not_too_far_apart(): OK
bakery_lint.tests.downstream.test_fontforge_validation_state.FontForgeValidateStateTest.test_postscript_hasnt_limit_hints_in_glyphs(): OK
bakery_lint.tests.downstream.test_fontforge_validation_state.FontForgeValidateStateTest.test_postscript_hasnt_limit_points_in_glyphs(): OK
bakery_lint.tests.downstream.test_fontforge_validation_state.FontForgeValidateStateTest.test_referenced_glyphs_are_present(): OK
bakery_lint.tests.downstream.test_fontforge_validation_state.FontForgeValidateStateTest.test_valid_glyph_names(): OK
bakery_lint.tests.downstream.test_fontforge_validation_state.FontForgeValidateStateTest.test_valid_length_instructions(): OK
bakery_lint.tests.downstream.test_fontforge_validation_state.FontForgeValidateStateTest.test_validation_glyph_intersect(): FAIL
bakery_lint.tests.downstream.test_fontforge_validation_state.FontForgeValidateStateTest.test_validation_open_contours(): OK
bakery_lint.tests.downstream.test_fontforge_validation_state.FontForgeValidateStateTest.test_wrong_direction_in_glyphs(): OK
bakery_lint.tests.downstream.test_check_vertical_metrics.CheckVerticalLinegapMetrics.test_metrics_linegaps_are_zero(): OK
bakery_lint.tests.downstream.test_check_vertical_metrics.CheckVerticalAscentMetrics.test_metrics_ascents_equal_bbox(): OK
bakery_lint.tests.downstream.test_check_vertical_metrics.CheckVerticalDescentMetrics.test_metrics_descents_equal_bbox(): OK
bakery_lint.tests.downstream.test_check_full_font_name_begins_with_family_name.CheckFullFontNameBeginsWithFamilyName.test_check_full_font_name_begins_with_family_name(): OK
bakery_lint.tests.downstream.test_check_license_included.CheckLicenseIncluded.test_license_included_in_font_names(): OK
bakery_lint.tests.downstream.test_check_no_problematic_formats.CheckNoProblematicFormats.test_check_no_problematic_formats(): OK
bakery_lint.tests.downstream.test_check_fontname_matches_macstyle.CheckFontNameEqualToMacStyleFlags.test_fontname_is_equal_to_macstyle(): FAIL
bakery_lint.tests.downstream.test_check_unencoded_glyph.TestFontUnencodedGlyph.test_font_unencoded_glyphs(): ERROR
bakery_lint.tests.downstream.test_check_unused_glyph_data.CheckUnusedGlyphData.test_check_unused_glyph_data(): ERROR
bakery_lint.tests.downstream.test_names_are_ascii_only.CheckNamesAreASCIIOnly.test_check_names_are_ascii_only(): FAIL
$ fontbakery-fix-ascii-fontmetadata.py /home/travis/build/fontdirectory/cousine/builds/build/Cousine-BoldItalic.ttf
$ mv /home/travis/build/fontdirectory/cousine/builds/build/Cousine-BoldItalic.ttf.fix /home/travis/build/fontdirectory/cousine/builds/build/Cousine-BoldItalic.ttf
bakery_lint.tests.downstream.test_names_are_ascii_only.CheckNamesAreASCIIOnly.test_check_names_are_ascii_only(): OK
bakery_lint.tests.downstream.test_check_hmtx_hhea_max_advance_width_agreement.CheckHmtxHheaMaxAdvanceWidthAgreement.test_check_hmtx_hhea_max_advance_width_agreement(): OK
### Optimize TTF Cousine-BoldItalic.ttf
$ ls -l 'Cousine-BoldItalic.ttf'* # look at the size savings of that subset process
Cousine-BoldItalic.ttf.opt: 247228 bytes
Cousine-BoldItalic.ttf: 270664 bytes
$ mv /home/travis/build/fontdirectory/cousine/builds/build/Cousine-BoldItalic.ttf.opt /home/travis/build/fontdirectory/cousine/builds/build/Cousine-BoldItalic.ttf
### Autohint TTFs (ttfautohint) Cousine-BoldItalic.ttf
$ ttfautohint -l 7 -r 28 -G 50 -x 13 -w "G" /home/travis/build/fontdirectory/cousine/builds/build/Cousine-BoldItalic.ttf '/home/travis/build/fontdirectory/cousine/builds/build/Cousine-BoldItalic.autohint.ttf'

$ ls -l /home/travis/build/fontdirectory/cousine/builds/build/Cousine-BoldItalic.*ttf # look at the size savings of that subset process
/home/travis/build/fontdirectory/cousine/builds/build/Cousine-BoldItalic.ttf: 247228 bytes
/home/travis/build/fontdirectory/cousine/builds/build/Cousine-BoldItalic.autohint.ttf: 264248 bytes
$ mv /home/travis/build/fontdirectory/cousine/builds/build/Cousine-BoldItalic.autohint.ttf /home/travis/build/fontdirectory/cousine/builds/build/Cousine-BoldItalic.ttf
### Subset TTFs (pyftsubset) Cousine-BoldItalic.ttf
$ pyftsubset Cousine-BoldItalic.latin
$ pyftsubset Cousine-BoldItalic.menu
spaceWidth is    1229
nbspWidth is     1229
Nothing to do
strippedname:/home/travis/build/fontdirectory/cousine/builds/build/Cousine-BoldItalic.ttf
### Test Cousine-Bold.ttf
$ fontbakery-check.py result Cousine-Bold.ttf
bakery_lint.tests.downstream.test_check_name_table_recommendation.CheckStyleNameRecommendation.test_check_stylename_is_under_recommendations(): OK
bakery_lint.tests.downstream.test_check_name_table_recommendation.CheckOTFamilyNameRecommendation.test_check_opentype_familyname(): FAIL
$ fontbakery-fix-opentype-names.py /home/travis/build/fontdirectory/cousine/builds/build/Cousine-Bold.ttf
$ mv /home/travis/build/fontdirectory/cousine/builds/build/Cousine-Bold.ttf.fix /home/travis/build/fontdirectory/cousine/builds/build/Cousine-Bold.ttf
bakery_lint.tests.downstream.test_check_name_table_recommendation.CheckOTFamilyNameRecommendation.test_check_opentype_familyname(): OK
bakery_lint.tests.downstream.test_check_name_table_recommendation.CheckOTStyleNameRecommendation.test_check_opentype_stylename(): OK
bakery_lint.tests.downstream.test_check_name_table_recommendation.CheckOTFullNameRecommendation.test_check_opentype_fullname(): OK
bakery_lint.tests.downstream.test_check_font_tables.CheckFontHasDsigTable.test_check_font_has_dsig_table(): FAIL
$ fontbakery-fix-dsig.py /home/travis/build/fontdirectory/cousine/builds/build/Cousine-Bold.ttf
$ mv /home/travis/build/fontdirectory/cousine/builds/build/Cousine-Bold.ttf.fix /home/travis/build/fontdirectory/cousine/builds/build/Cousine-Bold.ttf
bakery_lint.tests.downstream.test_check_font_tables.CheckFontHasDsigTable.test_check_font_has_dsig_table(): OK
bakery_lint.tests.downstream.test_check_font_tables.CheckFontHasNotKernTable.test_no_kern_table_exists(): OK
bakery_lint.tests.downstream.test_check_panose_identification.CheckPanoseIdentification.test_check_panose_identification(): ERROR
bakery_lint.tests.downstream.test_check_os2_width_class.CheckOS2WidthClass.test_check_os2_width_class(): OK
bakery_lint.tests.downstream.test_check_font_agreements.CheckFsTypeIsNotSet.test_is_fstype_not_set(): FAIL
$ fontbakery-fix-fstype.py --autofix /home/travis/build/fontdirectory/cousine/builds/build/Cousine-Bold.ttf
$ mv /home/travis/build/fontdirectory/cousine/builds/build/Cousine-Bold.ttf.fix /home/travis/build/fontdirectory/cousine/builds/build/Cousine-Bold.ttf
bakery_lint.tests.downstream.test_check_font_agreements.CheckFsTypeIsNotSet.test_is_fstype_not_set(): OK
$ fontbakery-fix-fstype.py --autofix /home/travis/build/fontdirectory/cousine/builds/build/Cousine-Bold.ttf
$ mv /home/travis/build/fontdirectory/cousine/builds/build/Cousine-Bold.ttf.fix /home/travis/build/fontdirectory/cousine/builds/build/Cousine-Bold.ttf
bakery_lint.tests.downstream.test_check_font_agreements.CheckFontAgreements.test_em_is_1000(): FAIL
bakery_lint.tests.downstream.test_check_font_agreements.CheckFontAgreements.test_file_is_font(): OK
bakery_lint.tests.downstream.test_check_font_agreements.CheckFontAgreements.test_font_is_font(): OK
bakery_lint.tests.downstream.test_check_font_agreements.CheckFontAgreements.test_latin_file_exists(): FAIL
bakery_lint.tests.downstream.test_check_upm_heights_less_120.TestCheckUPMHeightsLess120.test_check_upm_heigths_less_120(): FAIL
bakery_lint.tests.downstream.test_check_names_same_across_platforms.CheckNamesSameAcrossPlatforms.test_check_names_same_across_platforms(): OK
bakery_lint.tests.downstream.test_check_italic_angle_agreement.CheckItalicAngleAgreement.test_check_italic_angle_agreement(): OK
bakery_lint.tests.downstream.test_check_glyf_table_length.CheckGlyfTableLength.test_check_glyf_table_length(): FAIL
bakery_lint.tests.downstream.test_check_magic_prep_code.CheckMagicPREPByteCode.test_prep_magic_code(): FAIL
bakery_lint.tests.downstream.test_check_glyph_existence.CheckGlyphExistence.test_euro(): OK
bakery_lint.tests.downstream.test_check_glyph_existence.CheckGlyphExistence.test_nbsp(): OK
bakery_lint.tests.downstream.test_check_glyph_existence.CheckGlyphExistence.test_space(): OK
bakery_lint.tests.downstream.test_gpos_table_has_kerning_info.CheckGposTableHasKerningInfo.test_gpos_table_has_kerning_info(): OK
bakery_lint.tests.downstream.test_check_nbsp_width_matches_sp_width.CheckNbspWidthMatchesSpWidth.test_check_nbsp_width_matches_sp_width(): FAIL
$ fontbakery-fix-nbsp.py /home/travis/build/fontdirectory/cousine/builds/build/Cousine-Bold.ttf
$ mv /home/travis/build/fontdirectory/cousine/builds/build/Cousine-Bold.ttf.fix /home/travis/build/fontdirectory/cousine/builds/build/Cousine-Bold.ttf
bakery_lint.tests.downstream.test_check_nbsp_width_matches_sp_width.CheckNbspWidthMatchesSpWidth.test_check_nbsp_width_matches_sp_width(): FAIL
bakery_lint.tests.downstream.test_gasp_table_value.CheckGaspTableType.test_check_gasp_table_type(): OK
$ fontbakery-fix-gasp.py --set=15 /home/travis/build/fontdirectory/cousine/builds/build/Cousine-Bold.ttf
$ mv /home/travis/build/fontdirectory/cousine/builds/build/Cousine-Bold.ttf.fix /home/travis/build/fontdirectory/cousine/builds/build/Cousine-Bold.ttf
The following table(s) in the font have been ignored by FontForge
  Ignoring 'DSIG' digital signature table
  Ignoring 'VDMX' vertical device metrics table
The glyph named periodcentered is mapped to U+2219.
But its name indicates it should be mapped to U+00B7.
The glyph named Delta is mapped to U+0394.
But its name indicates it should be mapped to U+2206.
The glyph named Omega is mapped to U+03A9.
But its name indicates it should be mapped to U+2126.
The glyph named mu is mapped to U+03BC.
But its name indicates it should be mapped to U+00B5.
bakery_lint.tests.downstream.test_fontforge_validation_state.FontForgeValidateStateTest.test_allowed_numbers_paths_in_composite_glyphs(): OK
bakery_lint.tests.downstream.test_fontforge_validation_state.FontForgeValidateStateTest.test_allowed_numbers_paths_in_glyphs(): OK
bakery_lint.tests.downstream.test_fontforge_validation_state.FontForgeValidateStateTest.test_allowed_numbers_points_in_composite_glyphs(): OK
bakery_lint.tests.downstream.test_fontforge_validation_state.FontForgeValidateStateTest.test_allowed_numbers_points_in_glyphs(): OK
bakery_lint.tests.downstream.test_fontforge_validation_state.FontForgeValidateStateTest.test_duplicate_glyphs(): OK
bakery_lint.tests.downstream.test_fontforge_validation_state.FontForgeValidateStateTest.test_duplicate_unicode_codepoints(): OK
bakery_lint.tests.downstream.test_fontforge_validation_state.FontForgeValidateStateTest.test_flipped_reference_in_glyphs(): OK
bakery_lint.tests.downstream.test_fontforge_validation_state.FontForgeValidateStateTest.test_missing_anchors(): OK
bakery_lint.tests.downstream.test_fontforge_validation_state.FontForgeValidateStateTest.test_missing_extrema_in_glyphs(): OK
bakery_lint.tests.downstream.test_fontforge_validation_state.FontForgeValidateStateTest.test_overlapped_hints(): OK
bakery_lint.tests.downstream.test_fontforge_validation_state.FontForgeValidateStateTest.test_points_are_integer_aligned(): OK
bakery_lint.tests.downstream.test_fontforge_validation_state.FontForgeValidateStateTest.test_points_are_not_too_far_apart(): OK
bakery_lint.tests.downstream.test_fontforge_validation_state.FontForgeValidateStateTest.test_postscript_hasnt_limit_hints_in_glyphs(): OK
bakery_lint.tests.downstream.test_fontforge_validation_state.FontForgeValidateStateTest.test_postscript_hasnt_limit_points_in_glyphs(): OK
bakery_lint.tests.downstream.test_fontforge_validation_state.FontForgeValidateStateTest.test_referenced_glyphs_are_present(): OK
bakery_lint.tests.downstream.test_fontforge_validation_state.FontForgeValidateStateTest.test_valid_glyph_names(): OK
bakery_lint.tests.downstream.test_fontforge_validation_state.FontForgeValidateStateTest.test_valid_length_instructions(): OK
bakery_lint.tests.downstream.test_fontforge_validation_state.FontForgeValidateStateTest.test_validation_glyph_intersect(): FAIL
bakery_lint.tests.downstream.test_fontforge_validation_state.FontForgeValidateStateTest.test_validation_open_contours(): OK
bakery_lint.tests.downstream.test_fontforge_validation_state.FontForgeValidateStateTest.test_wrong_direction_in_glyphs(): OK
bakery_lint.tests.downstream.test_check_vertical_metrics.CheckVerticalLinegapMetrics.test_metrics_linegaps_are_zero(): OK
bakery_lint.tests.downstream.test_check_vertical_metrics.CheckVerticalAscentMetrics.test_metrics_ascents_equal_bbox(): OK
bakery_lint.tests.downstream.test_check_vertical_metrics.CheckVerticalDescentMetrics.test_metrics_descents_equal_bbox(): OK
bakery_lint.tests.downstream.test_check_full_font_name_begins_with_family_name.CheckFullFontNameBeginsWithFamilyName.test_check_full_font_name_begins_with_family_name(): OK
bakery_lint.tests.downstream.test_check_license_included.CheckLicenseIncluded.test_license_included_in_font_names(): OK
bakery_lint.tests.downstream.test_check_no_problematic_formats.CheckNoProblematicFormats.test_check_no_problematic_formats(): OK
bakery_lint.tests.downstream.test_check_fontname_matches_macstyle.CheckFontNameEqualToMacStyleFlags.test_fontname_is_equal_to_macstyle(): FAIL
bakery_lint.tests.downstream.test_check_unencoded_glyph.TestFontUnencodedGlyph.test_font_unencoded_glyphs(): ERROR
bakery_lint.tests.downstream.test_check_unused_glyph_data.CheckUnusedGlyphData.test_check_unused_glyph_data(): ERROR
bakery_lint.tests.downstream.test_names_are_ascii_only.CheckNamesAreASCIIOnly.test_check_names_are_ascii_only(): FAIL
$ fontbakery-fix-ascii-fontmetadata.py /home/travis/build/fontdirectory/cousine/builds/build/Cousine-Bold.ttf
$ mv /home/travis/build/fontdirectory/cousine/builds/build/Cousine-Bold.ttf.fix /home/travis/build/fontdirectory/cousine/builds/build/Cousine-Bold.ttf
bakery_lint.tests.downstream.test_names_are_ascii_only.CheckNamesAreASCIIOnly.test_check_names_are_ascii_only(): OK
bakery_lint.tests.downstream.test_check_hmtx_hhea_max_advance_width_agreement.CheckHmtxHheaMaxAdvanceWidthAgreement.test_check_hmtx_hhea_max_advance_width_agreement(): OK
### Optimize TTF Cousine-Bold.ttf
$ ls -l 'Cousine-Bold.ttf'* # look at the size savings of that subset process
Cousine-Bold.ttf.opt: 270968 bytes
Cousine-Bold.ttf: 294404 bytes
$ mv /home/travis/build/fontdirectory/cousine/builds/build/Cousine-Bold.ttf.opt /home/travis/build/fontdirectory/cousine/builds/build/Cousine-Bold.ttf
### Autohint TTFs (ttfautohint) Cousine-Bold.ttf
$ ttfautohint -l 7 -r 28 -G 50 -x 13 -w "G" /home/travis/build/fontdirectory/cousine/builds/build/Cousine-Bold.ttf '/home/travis/build/fontdirectory/cousine/builds/build/Cousine-Bold.autohint.ttf'

$ ls -l /home/travis/build/fontdirectory/cousine/builds/build/Cousine-Bold.*ttf # look at the size savings of that subset process
/home/travis/build/fontdirectory/cousine/builds/build/Cousine-Bold.ttf: 270968 bytes
/home/travis/build/fontdirectory/cousine/builds/build/Cousine-Bold.autohint.ttf: 254816 bytes
$ mv /home/travis/build/fontdirectory/cousine/builds/build/Cousine-Bold.autohint.ttf /home/travis/build/fontdirectory/cousine/builds/build/Cousine-Bold.ttf
### Subset TTFs (pyftsubset) Cousine-Bold.ttf
$ pyftsubset Cousine-Bold.latin
$ pyftsubset Cousine-Bold.menu
spaceWidth is    1229
nbspWidth is     1229
Nothing to do
strippedname:/home/travis/build/fontdirectory/cousine/builds/build/Cousine-Bold.ttf
### Test Cousine-Regular.ttf
$ fontbakery-check.py result Cousine-Regular.ttf
bakery_lint.tests.downstream.test_check_name_table_recommendation.CheckStyleNameRecommendation.test_check_stylename_is_under_recommendations(): OK
bakery_lint.tests.downstream.test_check_name_table_recommendation.CheckOTFamilyNameRecommendation.test_check_opentype_familyname(): FAIL
$ fontbakery-fix-opentype-names.py /home/travis/build/fontdirectory/cousine/builds/build/Cousine-Regular.ttf
$ mv /home/travis/build/fontdirectory/cousine/builds/build/Cousine-Regular.ttf.fix /home/travis/build/fontdirectory/cousine/builds/build/Cousine-Regular.ttf
bakery_lint.tests.downstream.test_check_name_table_recommendation.CheckOTFamilyNameRecommendation.test_check_opentype_familyname(): OK
bakery_lint.tests.downstream.test_check_name_table_recommendation.CheckOTStyleNameRecommendation.test_check_opentype_stylename(): OK
bakery_lint.tests.downstream.test_check_name_table_recommendation.CheckOTFullNameRecommendation.test_check_opentype_fullname(): OK
bakery_lint.tests.downstream.test_check_font_tables.CheckFontHasDsigTable.test_check_font_has_dsig_table(): FAIL
$ fontbakery-fix-dsig.py /home/travis/build/fontdirectory/cousine/builds/build/Cousine-Regular.ttf
$ mv /home/travis/build/fontdirectory/cousine/builds/build/Cousine-Regular.ttf.fix /home/travis/build/fontdirectory/cousine/builds/build/Cousine-Regular.ttf
bakery_lint.tests.downstream.test_check_font_tables.CheckFontHasDsigTable.test_check_font_has_dsig_table(): OK
bakery_lint.tests.downstream.test_check_font_tables.CheckFontHasNotKernTable.test_no_kern_table_exists(): OK
bakery_lint.tests.downstream.test_check_panose_identification.CheckPanoseIdentification.test_check_panose_identification(): ERROR
bakery_lint.tests.downstream.test_check_os2_width_class.CheckOS2WidthClass.test_check_os2_width_class(): OK
bakery_lint.tests.downstream.test_check_font_agreements.CheckFsTypeIsNotSet.test_is_fstype_not_set(): FAIL
$ fontbakery-fix-fstype.py --autofix /home/travis/build/fontdirectory/cousine/builds/build/Cousine-Regular.ttf
$ mv /home/travis/build/fontdirectory/cousine/builds/build/Cousine-Regular.ttf.fix /home/travis/build/fontdirectory/cousine/builds/build/Cousine-Regular.ttf
bakery_lint.tests.downstream.test_check_font_agreements.CheckFsTypeIsNotSet.test_is_fstype_not_set(): OK
$ fontbakery-fix-fstype.py --autofix /home/travis/build/fontdirectory/cousine/builds/build/Cousine-Regular.ttf
$ mv /home/travis/build/fontdirectory/cousine/builds/build/Cousine-Regular.ttf.fix /home/travis/build/fontdirectory/cousine/builds/build/Cousine-Regular.ttf
bakery_lint.tests.downstream.test_check_font_agreements.CheckFontAgreements.test_em_is_1000(): FAIL
bakery_lint.tests.downstream.test_check_font_agreements.CheckFontAgreements.test_file_is_font(): OK
bakery_lint.tests.downstream.test_check_font_agreements.CheckFontAgreements.test_font_is_font(): OK
bakery_lint.tests.downstream.test_check_font_agreements.CheckFontAgreements.test_latin_file_exists(): FAIL
bakery_lint.tests.downstream.test_check_upm_heights_less_120.TestCheckUPMHeightsLess120.test_check_upm_heigths_less_120(): FAIL
bakery_lint.tests.downstream.test_check_names_same_across_platforms.CheckNamesSameAcrossPlatforms.test_check_names_same_across_platforms(): OK
bakery_lint.tests.downstream.test_check_italic_angle_agreement.CheckItalicAngleAgreement.test_check_italic_angle_agreement(): OK
bakery_lint.tests.downstream.test_check_glyf_table_length.CheckGlyfTableLength.test_check_glyf_table_length(): FAIL
bakery_lint.tests.downstream.test_check_magic_prep_code.CheckMagicPREPByteCode.test_prep_magic_code(): FAIL
bakery_lint.tests.downstream.test_check_glyph_existence.CheckGlyphExistence.test_euro(): OK
bakery_lint.tests.downstream.test_check_glyph_existence.CheckGlyphExistence.test_nbsp(): OK
bakery_lint.tests.downstream.test_check_glyph_existence.CheckGlyphExistence.test_space(): OK
bakery_lint.tests.downstream.test_gpos_table_has_kerning_info.CheckGposTableHasKerningInfo.test_gpos_table_has_kerning_info(): OK
bakery_lint.tests.downstream.test_check_nbsp_width_matches_sp_width.CheckNbspWidthMatchesSpWidth.test_check_nbsp_width_matches_sp_width(): FAIL
$ fontbakery-fix-nbsp.py /home/travis/build/fontdirectory/cousine/builds/build/Cousine-Regular.ttf
$ mv /home/travis/build/fontdirectory/cousine/builds/build/Cousine-Regular.ttf.fix /home/travis/build/fontdirectory/cousine/builds/build/Cousine-Regular.ttf
bakery_lint.tests.downstream.test_check_nbsp_width_matches_sp_width.CheckNbspWidthMatchesSpWidth.test_check_nbsp_width_matches_sp_width(): FAIL
bakery_lint.tests.downstream.test_gasp_table_value.CheckGaspTableType.test_check_gasp_table_type(): OK
$ fontbakery-fix-gasp.py --set=15 /home/travis/build/fontdirectory/cousine/builds/build/Cousine-Regular.ttf
$ mv /home/travis/build/fontdirectory/cousine/builds/build/Cousine-Regular.ttf.fix /home/travis/build/fontdirectory/cousine/builds/build/Cousine-Regular.ttf
The following table(s) in the font have been ignored by FontForge
  Ignoring 'DSIG' digital signature table
  Ignoring 'VDMX' vertical device metrics table
The glyph named periodcentered is mapped to U+2219.
But its name indicates it should be mapped to U+00B7.
The glyph named Delta is mapped to U+0394.
But its name indicates it should be mapped to U+2206.
The glyph named Omega is mapped to U+03A9.
But its name indicates it should be mapped to U+2126.
The glyph named mu is mapped to U+03BC.
But its name indicates it should be mapped to U+00B5.
bakery_lint.tests.downstream.test_fontforge_validation_state.FontForgeValidateStateTest.test_allowed_numbers_paths_in_composite_glyphs(): OK
bakery_lint.tests.downstream.test_fontforge_validation_state.FontForgeValidateStateTest.test_allowed_numbers_paths_in_glyphs(): OK
bakery_lint.tests.downstream.test_fontforge_validation_state.FontForgeValidateStateTest.test_allowed_numbers_points_in_composite_glyphs(): OK
bakery_lint.tests.downstream.test_fontforge_validation_state.FontForgeValidateStateTest.test_allowed_numbers_points_in_glyphs(): OK
bakery_lint.tests.downstream.test_fontforge_validation_state.FontForgeValidateStateTest.test_duplicate_glyphs(): OK
bakery_lint.tests.downstream.test_fontforge_validation_state.FontForgeValidateStateTest.test_duplicate_unicode_codepoints(): OK
bakery_lint.tests.downstream.test_fontforge_validation_state.FontForgeValidateStateTest.test_flipped_reference_in_glyphs(): OK
bakery_lint.tests.downstream.test_fontforge_validation_state.FontForgeValidateStateTest.test_missing_anchors(): OK
bakery_lint.tests.downstream.test_fontforge_validation_state.FontForgeValidateStateTest.test_missing_extrema_in_glyphs(): FAIL
bakery_lint.tests.downstream.test_fontforge_validation_state.FontForgeValidateStateTest.test_overlapped_hints(): OK
bakery_lint.tests.downstream.test_fontforge_validation_state.FontForgeValidateStateTest.test_points_are_integer_aligned(): OK
bakery_lint.tests.downstream.test_fontforge_validation_state.FontForgeValidateStateTest.test_points_are_not_too_far_apart(): OK
bakery_lint.tests.downstream.test_fontforge_validation_state.FontForgeValidateStateTest.test_postscript_hasnt_limit_hints_in_glyphs(): OK
bakery_lint.tests.downstream.test_fontforge_validation_state.FontForgeValidateStateTest.test_postscript_hasnt_limit_points_in_glyphs(): OK
bakery_lint.tests.downstream.test_fontforge_validation_state.FontForgeValidateStateTest.test_referenced_glyphs_are_present(): OK
bakery_lint.tests.downstream.test_fontforge_validation_state.FontForgeValidateStateTest.test_valid_glyph_names(): OK
bakery_lint.tests.downstream.test_fontforge_validation_state.FontForgeValidateStateTest.test_valid_length_instructions(): OK
bakery_lint.tests.downstream.test_fontforge_validation_state.FontForgeValidateStateTest.test_validation_glyph_intersect(): FAIL
bakery_lint.tests.downstream.test_fontforge_validation_state.FontForgeValidateStateTest.test_validation_open_contours(): OK
bakery_lint.tests.downstream.test_fontforge_validation_state.FontForgeValidateStateTest.test_wrong_direction_in_glyphs(): OK
bakery_lint.tests.downstream.test_check_vertical_metrics.CheckVerticalLinegapMetrics.test_metrics_linegaps_are_zero(): OK
bakery_lint.tests.downstream.test_check_vertical_metrics.CheckVerticalAscentMetrics.test_metrics_ascents_equal_bbox(): OK
bakery_lint.tests.downstream.test_check_vertical_metrics.CheckVerticalDescentMetrics.test_metrics_descents_equal_bbox(): OK
bakery_lint.tests.downstream.test_check_full_font_name_begins_with_family_name.CheckFullFontNameBeginsWithFamilyName.test_check_full_font_name_begins_with_family_name(): OK
bakery_lint.tests.downstream.test_check_license_included.CheckLicenseIncluded.test_license_included_in_font_names(): OK
bakery_lint.tests.downstream.test_check_no_problematic_formats.CheckNoProblematicFormats.test_check_no_problematic_formats(): OK
bakery_lint.tests.downstream.test_check_fontname_matches_macstyle.CheckFontNameEqualToMacStyleFlags.test_fontname_is_equal_to_macstyle(): FAIL
bakery_lint.tests.downstream.test_check_unencoded_glyph.TestFontUnencodedGlyph.test_font_unencoded_glyphs(): ERROR
bakery_lint.tests.downstream.test_check_unused_glyph_data.CheckUnusedGlyphData.test_check_unused_glyph_data(): ERROR
bakery_lint.tests.downstream.test_names_are_ascii_only.CheckNamesAreASCIIOnly.test_check_names_are_ascii_only(): FAIL
$ fontbakery-fix-ascii-fontmetadata.py /home/travis/build/fontdirectory/cousine/builds/build/Cousine-Regular.ttf
$ mv /home/travis/build/fontdirectory/cousine/builds/build/Cousine-Regular.ttf.fix /home/travis/build/fontdirectory/cousine/builds/build/Cousine-Regular.ttf
bakery_lint.tests.downstream.test_names_are_ascii_only.CheckNamesAreASCIIOnly.test_check_names_are_ascii_only(): OK
bakery_lint.tests.downstream.test_check_hmtx_hhea_max_advance_width_agreement.CheckHmtxHheaMaxAdvanceWidthAgreement.test_check_hmtx_hhea_max_advance_width_agreement(): OK
### Optimize TTF Cousine-Regular.ttf
$ ls -l 'Cousine-Regular.ttf'* # look at the size savings of that subset process
Cousine-Regular.ttf.opt: 282404 bytes
Cousine-Regular.ttf: 305840 bytes
$ mv /home/travis/build/fontdirectory/cousine/builds/build/Cousine-Regular.ttf.opt /home/travis/build/fontdirectory/cousine/builds/build/Cousine-Regular.ttf
### Autohint TTFs (ttfautohint) Cousine-Regular.ttf
$ ttfautohint -l 7 -r 28 -G 50 -x 13 -w "G" /home/travis/build/fontdirectory/cousine/builds/build/Cousine-Regular.ttf '/home/travis/build/fontdirectory/cousine/builds/build/Cousine-Regular.autohint.ttf'

$ ls -l /home/travis/build/fontdirectory/cousine/builds/build/Cousine-Regular.*ttf # look at the size savings of that subset process
/home/travis/build/fontdirectory/cousine/builds/build/Cousine-Regular.ttf: 282404 bytes
/home/travis/build/fontdirectory/cousine/builds/build/Cousine-Regular.autohint.ttf: 257184 bytes
$ mv /home/travis/build/fontdirectory/cousine/builds/build/Cousine-Regular.autohint.ttf /home/travis/build/fontdirectory/cousine/builds/build/Cousine-Regular.ttf
### Subset TTFs (pyftsubset) Cousine-Regular.ttf
$ pyftsubset Cousine-Regular.latin
$ pyftsubset Cousine-Regular.menu
spaceWidth is    1229
nbspWidth is     1229
Nothing to do
strippedname:/home/travis/build/fontdirectory/cousine/builds/build/Cousine-Regular.ttf
### (5 of 6) Generate METADATA.json (fontbakery-build-metadata.py)
$ fontbakery-build-metadata.py /home/travis/build/fontdirectory/cousine/builds/build
{} exists
Designer's name from font is: Steve Matteson
Original size: 257184\nGzip size: 143956
Family Name: Cousine
PS Name: Cousine-Bold
Full Name: Cousine Bold
Style: normal
Weight: 700
Filename: Cousine-Bold.ttf
Copyright: Digitized data copyright (c) 2010-2012 Google Corporation.
Family Name: Cousine
PS Name: Cousine
Full Name: Cousine
Style: normal
Weight: 400
Filename: Cousine-Regular.ttf
Copyright: Digitized data copyright (c) 2010-2012 Google Corporation.
Family Name: Cousine
PS Name: Cousine-Italic
Full Name: Cousine Italic
Style: italic
Weight: 400
Filename: Cousine-Italic.ttf
Copyright: Digitized data copyright (c) 2010-2012 Google Corporation.
Family Name: Cousine
PS Name: Cousine-BoldItalic
Full Name: Cousine Bold Italic
Style: italic
Weight: 700
Filename: Cousine-BoldItalic.ttf
Copyright: Digitized data copyright (c) 2010-2012 Google Corporation.
### (6 of 6) Run tests for METADATA.json
$ fontbakery-check.py metadata METADATA.json
bakery_lint.tests.metadata_test.MetadataSubsetsListTest.test_charset_cyrillic(): FAIL
bakery_lint.tests.metadata_test.MetadataSubsetsListTest.test_charset_cyrillic_ext(): FAIL
bakery_lint.tests.metadata_test.MetadataSubsetsListTest.test_charset_greek(): FAIL
bakery_lint.tests.metadata_test.MetadataSubsetsListTest.test_charset_greek_ext(): FAIL
bakery_lint.tests.metadata_test.MetadataSubsetsListTest.test_charset_latin(): OK
bakery_lint.tests.metadata_test.MetadataSubsetsListTest.test_charset_latin_ext(): FAIL
bakery_lint.tests.metadata_test.MetadataSubsetsListTest.test_charset_menu(): OK
bakery_lint.tests.metadata_test.MetadataSubsetsListTest.test_charset_vietnamese(): FAIL
bakery_lint.tests.metadata_test.MetadataTest.test_description_is_more_than_500b(): FAIL
bakery_lint.tests.metadata_test.MetadataTest.test_description_is_valid_html(): FAIL
bakery_lint.tests.metadata_test.MetadataTest.test_does_not_familyName_exist_in_daltonmaag_catalogue(): FAIL
bakery_lint.tests.metadata_test.MetadataTest.test_does_not_familyName_exist_in_fontbureau_catalogue(): OK
bakery_lint.tests.metadata_test.MetadataTest.test_does_not_familyName_exist_in_fontscom_catalogue(): OK
bakery_lint.tests.metadata_test.MetadataTest.test_does_not_familyName_exist_in_fontshop_catalogue(): FAIL
bakery_lint.tests.metadata_test.MetadataTest.test_does_not_familyName_exist_in_fontsmith_catalogue(): FAIL
bakery_lint.tests.metadata_test.MetadataTest.test_does_not_familyName_exist_in_houseind_catalogue(): OK
bakery_lint.tests.metadata_test.MetadataTest.test_does_not_familyName_exist_in_myfonts_catalogue(): OK
bakery_lint.tests.metadata_test.MetadataTest.test_does_not_familyName_exist_in_veer_catalogue(): FAIL
bakery_lint.tests.metadata_test.MetadataTest.test_family_is_listed_in_gwf(): OK
bakery_lint.tests.metadata_test.MetadataTest.test_metadata_atleast_latin_menu_subsets_exist(): OK
/home/travis/virtualenv/python2.7.8/lib/python2.7/site-packages/bakery_lint/tests/metadata_test.py:141: UnicodeWarning: Unicode equal comparison failed to convert both arguments to Unicode - interpreting them as being unequal
  self.assertTrue(designer in designers,
bakery_lint.tests.metadata_test.MetadataTest.test_metadata_designer_exists_in_profiles_csv(): OK
bakery_lint.tests.metadata_test.MetadataTest.test_metadata_fonts_items_dicts(): OK
bakery_lint.tests.metadata_test.MetadataTest.test_metadata_fonts_key_list(): OK
bakery_lint.tests.metadata_test.MetadataTest.test_metadata_fonts_no_dupes(): OK
bakery_lint.tests.metadata_test.MetadataTest.test_metadata_has_unique_style_weight_pairs(): OK
bakery_lint.tests.metadata_test.MetadataTest.test_metadata_keys(): OK
bakery_lint.tests.metadata_test.MetadataTest.test_metadata_license(): OK
bakery_lint.tests.metadata_test.MetadataTest.test_metadata_no_unknown_top_keys(): OK
bakery_lint.tests.metadata_test.MetadataTest.test_metadata_subsets_key_list(): OK
bakery_lint.tests.metadata_test.MetadataTest.test_metadata_top_keys_types(): OK
bakery_lint.tests.downstream.test_check_monospace_agreements.CheckMonospaceAgreement.test_check_monospace_agreement(): ERROR
bakery_lint.tests.downstream.test_check_subsets_exists.CheckSubsetsExist.test_check_subsets_exists(): FAIL
bakery_lint.tests.downstream.test_metadata_font_copyright.CheckMetadataContainsReservedFontName.test_copyright_contains_correct_rfn(): FAIL
bakery_lint.tests.downstream.test_metadata_font_copyright.CheckMetadataContainsReservedFontName.test_copyright_is_consistent_across_family(): OK
bakery_lint.tests.downstream.test_metadata_font_copyright.CheckMetadataContainsReservedFontName.test_copyright_matches_pattern(): FAIL
bakery_lint.tests.downstream.test_metadata_font_copyright.CheckMetadataContainsReservedFontName.test_metadata_copyright_size(): OK
bakery_lint.tests.downstream.test_check_canonical_filenames.CheckCanonicalFilenames.test_check_canonical_filenames(): OK
bakery_lint.tests.downstream.test_check_canonical_styles.CheckCanonicalStyles.test_check_canonical_styles(): OK
bakery_lint.tests.downstream.test_check_metadata_matches_nametable.CheckMetadataMatchesNameTable.test_check_metadata_matches_nametable(): OK
bakery_lint.tests.downstream.test_check_files_menu_agreements.CheckFontsMenuAgreements.test_menu_file_agreement(): OK
bakery_lint.tests.downstream.test_check_metadata_fields.CheckMetadataFields.test_check_metadata_fields(): OK
bakery_lint.tests.downstream.test_check_text_files_exist.CheckTextFilesExist.test_copyrighttxt_exists(): FAIL
bakery_lint.tests.downstream.test_check_text_files_exist.CheckTextFilesExist.test_description_exists(): OK
bakery_lint.tests.downstream.test_check_text_files_exist.CheckTextFilesExist.test_fontlogtxt_exists(): FAIL
bakery_lint.tests.downstream.test_check_text_files_exist.CheckTextFilesExist.test_licensetxt_exists(): FAIL
bakery_lint.tests.downstream.test_check_metadata_style_matches_names.CheckItalicStyleMatchesMacStyle.test_check_italic_style_matches_names(): FAIL
bakery_lint.tests.downstream.test_check_metadata_style_matches_names.CheckNormalStyleMatchesMacStyle.test_check_normal_style_matches_names(): OK
bakery_lint.tests.downstream.test_check_font_name_not_in_camelcase.CheckFontNameNotInCamelCase.test_fontname_not_in_camel_case(): OK
bakery_lint.tests.downstream.test_check_glyph_consistency.CheckGlyphConsistencyInFamily.test_the_same_encodings_of_glyphs_across_family(): OK
bakery_lint.tests.downstream.test_check_glyph_consistency.CheckGlyphConsistencyInFamily.test_the_same_names_of_glyphs_across_family(): OK
bakery_lint.tests.downstream.test_check_glyph_consistency.CheckGlyphConsistencyInFamily.test_the_same_number_of_glyphs_across_family(): OK
bakery_lint.tests.downstream.test_metadata_agreements.TestFontOnDiskFamilyEqualToMetadataJSON.test_font_on_disk_family_equal_in_metadata_json(): OK
bakery_lint.tests.downstream.test_metadata_agreements.TestPostScriptNameInMetadataEqualFontOnDisk.test_postscriptname_in_metadata_equal_to_font_on_disk(): OK
bakery_lint.tests.downstream.test_metadata_agreements.CheckMetadataAgreements.test_font_name_matches_family(): OK
bakery_lint.tests.downstream.test_metadata_agreements.CheckMetadataAgreements.test_metadata_family_values_are_all_the_same(): OK
bakery_lint.tests.downstream.test_metadata_agreements.CheckMetadataAgreements.test_metadata_filename_matches_postscriptname(): FAIL
bakery_lint.tests.downstream.test_metadata_agreements.CheckMetadataAgreements.test_metadata_font_have_regular(): OK
bakery_lint.tests.downstream.test_metadata_agreements.CheckMetadataAgreements.test_metadata_fonts_fields_have_fontname(): OK
bakery_lint.tests.downstream.test_metadata_agreements.CheckMetadataAgreements.test_metadata_fullname_is_equal_to_internal_font_fullname(): OK
bakery_lint.tests.downstream.test_metadata_agreements.CheckMetadataAgreements.test_metadata_fullname_matches_postScriptName(): OK
bakery_lint.tests.downstream.test_metadata_agreements.CheckMetadataAgreements.test_metadata_regular_is_400(): OK
bakery_lint.tests.downstream.test_metadata_agreements.CheckMetadataAgreements.test_metadata_regular_is_normal(): FAIL
bakery_lint.tests.downstream.test_check_canonical_weights.CheckCanonicalWeights.test_check_canonical_weights(): OK
bakery_lint.tests.downstream.test_check_canonical_weights.CheckPostScriptNameMatchesWeight.test_postscriptname_contains_correct_weight(): FAIL
bakery_lint.tests.downstream.test_check_canonical_weights.CheckFontWeightSameAsInMetadata.test_font_weight_same_as_in_metadata(): OK
bakery_lint.tests.downstream.test_check_canonical_weights.CheckFullNameEqualCanonicalName.test_metadata_contains_current_font(): OK
bakery_lint.tests.downstream.test_check_familyname_matches_fontnames.CheckFamilyNameMatchesFontNames.test_check_familyname_matches_fontnames(): OK
bakery_lint.tests.downstream.test_check_menu_contains_proper_glyphs.CheckMenuSubsetContainsProperGlyphs.test_check_menu_contains_proper_glyphs(): FAIL
{
  "name": "Cousine", 
  "designer": "Steve Matteson", 
  "license": "Apache2", 
  "visibility": "External", 
  "category": "Monospace", 
  "size": 178033, 
  "fonts": [
    {
      "name": "Cousine", 
      "postScriptName": "Cousine-Bold", 
      "fullName": "Cousine Bold", 
      "style": "normal", 
      "weight": 700, 
      "filename": "Cousine-Bold.ttf", 
      "copyright": "Digitized data copyright (c) 2010-2012 Google Corporation."
    }, 
    {
      "name": "Cousine", 
      "postScriptName": "Cousine", 
      "fullName": "Cousine", 
      "style": "normal", 
      "weight": 400, 
      "filename": "Cousine-Regular.ttf", 
      "copyright": "Digitized data copyright (c) 2010-2012 Google Corporation."
    }, 
    {
      "name": "Cousine", 
      "postScriptName": "Cousine-Italic", 
      "fullName": "Cousine Italic", 
      "style": "italic", 
      "weight": 400, 
      "filename": "Cousine-Italic.ttf", 
      "copyright": "Digitized data copyright (c) 2010-2012 Google Corporation."
    }, 
    {
      "name": "Cousine", 
      "postScriptName": "Cousine-BoldItalic", 
      "fullName": "Cousine Bold Italic", 
      "style": "italic", 
      "weight": 700, 
      "filename": "Cousine-BoldItalic.ttf", 
      "copyright": "Digitized data copyright (c) 2010-2012 Google Corporation."
    }
  ], 
  "subsets": [
    "latin", 
    "menu"
  ], 
  "dateAdded": "2010-11-18"
}
